// Jest Snapshot v1, https://goo.gl/fbAQLP

exports[`RemainingTimeLayout matches snapshot 1`] = `
<div
  className="makeStyles-timeTextLayout-1"
>
  <p
    className="MuiTypography-root makeStyles-timeNumbers-2 MuiTypography-body1"
  >
    00
  </p>
  <p
    className="MuiTypography-root makeStyles-timeText-3 MuiTypography-body1"
  />
</div>
`;
